     1                                  bits 32 ; assembling for the 32 bits architecture
     2                                  
     3                                  ; declare the EntryPoint (a label defining the very first instruction of the program)
     4                                  global start        
     5                                  
     6                                  ; declare external functions needed by our program
     7                                  extern exit               ; tell nasm that exit exists even if we won't be defining it
     8                                  import exit msvcrt.dll    ; exit is a function that ends the calling process. It is defined in msvcrt.dll
     9                                                            ; msvcrt.dll contains exit, printf and all the other important C-runtime specific functions
    10                                  
    11                                  ; our data is declared here (the variables needed by our program)
    12                                  segment data use32 class=data
    13                                      ; (d+d-b)+(c-a)+d
    14                                      ; (3+3-4)+(7-2)+3 => 2+5+3=10
    15 00000000 02                          a db 2
    16 00000001 04                          b db 4
    17 00000002 07                          c db 7
    18 00000003 03                          d db 3
    19                                      
    20                                  ; our code starts here
    21                                  segment code use32 class=code
    22                                      start:
    23 00000000 A0[03000000]                    mov al, [d]
    24 00000005 0205[03000000]                  add al, [d]
    25 0000000B 2A05[01000000]                  sub al, [b]
    26 00000011 8A1D[02000000]                  mov bl, [c]
    27 00000017 2A1D[00000000]                  sub bl, [a]
    28 0000001D 00D8                            add al, bl
    29 0000001F 0205[03000000]                  add al, [d]
    30                                      
    31                                          ; exit(0)
    32 00000025 6A00                            push    dword 0      ; push the parameter for exit onto the stack
    33 00000027 FF15[00000000]                  call    [exit]       ; call exit to terminate the program
