     1                                  bits 32 ; assembling for the 32 bits architecture
     2                                  
     3                                  ; declare the EntryPoint (a label defining the very first instruction of the program)
     4                                  global start        
     5                                  
     6                                  ; declare external functions needed by our program
     7                                  extern exit               ; tell nasm that exit exists even if we won't be defining it
     8                                  import exit msvcrt.dll    ; exit is a function that ends the calling process. It is defined in msvcrt.dll
     9                                                            ; msvcrt.dll contains exit, printf and all the other important C-runtime specific functions
    10                                  
    11                                  ; our data is declared here (the variables needed by our program)
    12                                  segment data use32 class=data
    13                                      ; [(a-d)+b]*2/c
    14                                      ; a,b,c,d-byte, e,f,g,h-word
    15                                      ; [(20-15)+3)*2/4=4
    16 00000000 14                          a db 20
    17 00000001 03                          b db 3
    18 00000002 04                          c db 4
    19 00000003 0F                          d db 15
    20                                  ; our code starts here
    21                                  segment code use32 class=code
    22                                      start:
    23 00000000 66A1[00000000]                  mov ax, [a]
    24 00000006 662B05[03000000]                sub ax, [d]
    25 0000000D 660305[01000000]                add ax, [b]
    26 00000014 B302                            mov bl, 2
    27 00000016 F6E3                            mul bl 
    28 00000018 8A1D[02000000]                  mov bl, [c]
    29 0000001E F6F3                            div bl 
    30                                      
    31                                          ; exit(0)
    32 00000020 6A00                            push    dword 0      ; push the parameter for exit onto the stack
    33 00000022 FF15[00000000]                  call    [exit]       ; call exit to terminate the program
